            Stratigraphic Dataset guy test

Name
GUY::1
            below: GUY::2
            Unit class: context
GUY::2
            below: GUY::3, GUY::41
            above: GUY::1
            Unit class: context
GUY::27
            below: GUY::28, GUY::29
            Unit class: context
GUY::28
            below: GUY::30
            above: GUY::27
            Unit class: context
GUY::29
            below: GUY::30
            above: GUY::27
            Unit class: context
GUY::3
            below: GUY::4
            above: GUY::2
            Unit class: context
GUY::30
            below: GUY::70
            above: GUY::28, GUY::29
            Unit class: context
GUY::35
            above: GUY::44, GUY::54
            Unit class: context
GUY::4
            above: GUY::3
            Unit class: context
GUY::41
            above: GUY::2, GUY::52
            Unit class: context
GUY::42
            below: GUY::70
            above: GUY::52
            Unit class: context
GUY::43
            above: GUY::52
            Unit class: context
GUY::44
            below: GUY::35
            above: GUY::52
            Unit class: context
GUY::52
            below: GUY::41, GUY::42, GUY::43, GUY::44
            above: GUY::53
            Unit class: context
GUY::53
            below: GUY::52
            Unit class: context
GUY::54
            below: GUY::35
            Unit class: context
GUY::70
            above: GUY::30, GUY::42
            Unit class: context
